[2025-07-03 19:04:43] [User: bunth] [Machine: DESKTOP-021PA1H]
                Error: System.Data.SqlClient.SqlException (0x80131904): A network-related or instance-specific error occurred while establishing a connection to SQL Server. The server was not found or was not accessible. Verify that the instance name is correct and that SQL Server is configured to allow remote connections. (provider: SQL Network Interfaces, error: 26 - Error Locating Server/Instance Specified)
   at System.Data.SqlClient.SqlInternalConnectionTds..ctor(DbConnectionPoolIdentity identity, SqlConnectionString connectionOptions, SqlCredential credential, Object providerInfo, String newPassword, SecureString newSecurePassword, Boolean redirectedUserInstance, SqlConnectionString userConnectionOptions, SessionData reconnectSessionData, DbConnectionPool pool, String accessToken, Boolean applyTransientFaultHandling, SqlAuthenticationProviderManager sqlAuthProviderManager)
   at System.Data.SqlClient.SqlConnectionFactory.CreateConnection(DbConnectionOptions options, DbConnectionPoolKey poolKey, Object poolGroupProviderInfo, DbConnectionPool pool, DbConnection owningConnection, DbConnectionOptions userOptions)
   at System.Data.ProviderBase.DbConnectionFactory.CreatePooledConnection(DbConnectionPool pool, DbConnection owningObject, DbConnectionOptions options, DbConnectionPoolKey poolKey, DbConnectionOptions userOptions)
   at System.Data.ProviderBase.DbConnectionPool.CreateObject(DbConnection owningObject, DbConnectionOptions userOptions, DbConnectionInternal oldConnection)
   at System.Data.ProviderBase.DbConnectionPool.UserCreateRequest(DbConnection owningObject, DbConnectionOptions userOptions, DbConnectionInternal oldConnection)
   at System.Data.ProviderBase.DbConnectionPool.TryGetConnection(DbConnection owningObject, UInt32 waitForMultipleObjectsTimeout, Boolean allowCreate, Boolean onlyOneCheckConnection, DbConnectionOptions userOptions, DbConnectionInternal& connection)
   at System.Data.ProviderBase.DbConnectionPool.TryGetConnection(DbConnection owningObject, TaskCompletionSource`1 retry, DbConnectionOptions userOptions, DbConnectionInternal& connection)
   at System.Data.ProviderBase.DbConnectionFactory.TryGetConnection(DbConnection owningConnection, TaskCompletionSource`1 retry, DbConnectionOptions userOptions, DbConnectionInternal oldConnection, DbConnectionInternal& connection)
   at System.Data.ProviderBase.DbConnectionInternal.TryOpenConnectionInternal(DbConnection outerConnection, DbConnectionFactory connectionFactory, TaskCompletionSource`1 retry, DbConnectionOptions userOptions)
   at System.Data.ProviderBase.DbConnectionClosed.TryOpenConnection(DbConnection outerConnection, DbConnectionFactory connectionFactory, TaskCompletionSource`1 retry, DbConnectionOptions userOptions)
   at System.Data.SqlClient.SqlConnection.TryOpenInner(TaskCompletionSource`1 retry)
   at System.Data.SqlClient.SqlConnection.TryOpen(TaskCompletionSource`1 retry)
   at System.Data.SqlClient.SqlConnection.Open()
   at Dapper.SqlMapper.<QueryImpl>d__140`1.MoveNext() in /_/Dapper/SqlMapper.cs:line 1082
   at System.Collections.Generic.List`1..ctor(IEnumerable`1 collection)
   at System.Linq.Enumerable.ToList[TSource](IEnumerable`1 source)
   at Dapper.SqlMapper.Query[T](IDbConnection cnn, String sql, Object param, IDbTransaction transaction, Boolean buffered, Nullable`1 commandTimeout, Nullable`1 commandType) in /_/Dapper/SqlMapper.cs:line 725
   at SaleRepository.GetSales(DateTime startDate, DateTime endDate) in C:\Users\bunth\source\repos\productsalereport\productsalereport\src\Repository\SaleRepository.cs:line 24
ClientConnectionId:00000000-0000-0000-0000-000000000000
Error Number:-1,State:0,Class:20
                --------------------------------------------------
[2025-07-03 19:32:25] [User: bunth] [Machine: DESKTOP-021PA1H]
                Error: System.NullReferenceException: Object reference not set to an instance of an object.
   at productsalereport.src.Reports.ProductReport.SetReportDates(DateTime startDate, DateTime endDate) in C:\Users\bunth\source\repos\productsalereport\productsalereport\src\Reports\ProductReport.cs:line 17
   at productsalereport.Form1.btnGenerateReport_Click(Object sender, EventArgs e) in C:\Users\bunth\source\repos\productsalereport\productsalereport\Form1.cs:line 81
                --------------------------------------------------
[2025-07-03 19:34:57] [User: bunth] [Machine: DESKTOP-021PA1H]
                Error: System.NullReferenceException: Object reference not set to an instance of an object.
   at productsalereport.src.Reports.ProductReport.SetReportDates(DateTime startDate, DateTime endDate) in C:\Users\bunth\source\repos\productsalereport\productsalereport\src\Reports\ProductReport.cs:line 17
   at productsalereport.Form1.btnGenerateReport_Click(Object sender, EventArgs e) in C:\Users\bunth\source\repos\productsalereport\productsalereport\Form1.cs:line 81
                --------------------------------------------------
[2025-07-03 19:38:16] [User: bunth] [Machine: DESKTOP-021PA1H]
                Error: System.NullReferenceException: Object reference not set to an instance of an object.
   at productsalereport.src.Reports.ProductReport.SetReportDates(DateTime startDate, DateTime endDate)
   at productsalereport.Form1.btnGenerateReport_Click(Object sender, EventArgs e)
                --------------------------------------------------
[2025-07-03 19:39:13] [User: bunth] [Machine: DESKTOP-021PA1H]
                Error: System.NullReferenceException: Object reference not set to an instance of an object.
   at productsalereport.src.Reports.ProductReport.SetReportDates(DateTime startDate, DateTime endDate) in C:\Users\bunth\source\repos\productsalereport\productsalereport\src\Reports\ProductReport.cs:line 17
   at productsalereport.Form1.btnGenerateReport_Click(Object sender, EventArgs e) in C:\Users\bunth\source\repos\productsalereport\productsalereport\Form1.cs:line 81
                --------------------------------------------------
[2025-07-03 19:40:33] [User: bunth] [Machine: DESKTOP-021PA1H]
                Error: System.NullReferenceException: Object reference not set to an instance of an object.
   at productsalereport.src.Reports.ProductReport.SetReportDates(DateTime startDate, DateTime endDate) in C:\Users\bunth\source\repos\productsalereport\productsalereport\src\Reports\ProductReport.cs:line 17
   at productsalereport.Form1.btnGenerateReport_Click(Object sender, EventArgs e) in C:\Users\bunth\source\repos\productsalereport\productsalereport\Form1.cs:line 81
                --------------------------------------------------
